// Jest Snapshot v1, https://goo.gl/fbAQLP

exports[`Key Should Render Correctly 1`] = `
<div
  aria-pressed="false"
  className="key-container number-key"
  id="number-key-0"
  onClick={[Function]}
  onKeyPress={[MockFunction]}
  role="button"
  tabIndex="0"
>
  <p
    className="key-value"
  >
    0
  </p>
</div>
`;
